// Jest Snapshot v1, https://goo.gl/fbAQLP

exports[`Acceptance test Angular2 Todo should output correct puml 1`] = `
"@startuml

top to bottom direction
skinparam monochrome true
skinparam shadowing false
skinparam nodesep 16

(app.component)
(components/index)
(main)
(main.bundle)
(main.module)
(pipes/index)
(routes)
(todo-footer.component)
(todo-header.component)
(todo-item.component)
(todo-list.component)
(todo-store.service)
(todo.model)
(trim.pipe)
(webpack.config)

(components/index) --> (app.component)
(components/index) --> (todo-footer.component)
(components/index) --> (todo-header.component)
(components/index) --> (todo-item.component)
(components/index) --> (todo-list.component)
(main) -> (main.module)
(main.module) --> (components/index)
(main.module) --> (pipes/index)
(main.module) -> (routes)
(main.module) --> (todo-store.service)
(pipes/index) --> (trim.pipe)
(routes) ---> (todo-list.component)
(todo-footer.component) ----> (todo-store.service)
(todo-header.component) ----> (todo-store.service)
(todo-list.component) ----> (todo-store.service)
(todo-store.service) ---> (todo.model)

@enduml
"
`;

exports[`Acceptance test Sample should generate correct puml 1`] = `
"@startuml

top to bottom direction
skinparam monochrome true
skinparam shadowing false
skinparam nodesep 16

package \\"Main\\" {
  (main.view)
  (singleton)
}

package \\"Base\\" {
  (base.component)
  (component)
  (model)
}

(main.ts)

(component) ~> (base.component)
(main.ts) --> (main.view)
(main.view) -> (component)
(main.view) ~~~> (singleton)
(singleton) ---> (model)

@enduml"
`;

exports[`Acceptance test Sample should generate correct svg 1`] = `
"<?xml version=\\"1.0\\" encoding=\\"UTF-8\\" standalone=\\"no\\"?><svg xmlns=\\"http://www.w3.org/2000/svg\\" xmlns:xlink=\\"http://www.w3.org/1999/xlink\\" contentScriptType=\\"application/ecmascript\\" contentStyleType=\\"text/css\\" height=\\"443px\\" preserveAspectRatio=\\"none\\" style=\\"width:418px;height:443px;\\" version=\\"1.1\\" viewBox=\\"0 0 418 443\\" width=\\"418px\\" zoomAndPan=\\"magnify\\"><defs/><g><ellipse cx=\\"332.7002\\" cy=\\"114.34\\" fill=\\"#F8F8F8\\" rx=\\"74.7002\\" ry=\\"17.34\\" style=\\"stroke: #383838; stroke-width: 1.5;\\"/><text fill=\\"#000000\\" font-family=\\"sans-serif\\" font-size=\\"14\\" lengthAdjust=\\"spacingAndGlyphs\\" textLength=\\"118\\" x=\\"273.7002\\" y=\\"118.9885\\">base.component</text><ellipse cx=\\"182.5685\\" cy=\\"114.5236\\" fill=\\"#F8F8F8\\" rx=\\"59.5685\\" ry=\\"14.5236\\" style=\\"stroke: #383838; stroke-width: 1.5;\\"/><text fill=\\"#000000\\" font-family=\\"sans-serif\\" font-size=\\"14\\" lengthAdjust=\\"spacingAndGlyphs\\" textLength=\\"80\\" x=\\"142.5685\\" y=\\"119.1721\\">component</text><ellipse cx=\\"56.3553\\" cy=\\"22.5236\\" fill=\\"#F8F8F8\\" rx=\\"38.3553\\" ry=\\"14.5236\\" style=\\"stroke: #383838; stroke-width: 1.5;\\"/><text fill=\\"#000000\\" font-family=\\"sans-serif\\" font-size=\\"14\\" lengthAdjust=\\"spacingAndGlyphs\\" textLength=\\"50\\" x=\\"31.3553\\" y=\\"27.1721\\">main.ts</text><ellipse cx=\\"56.3762\\" cy=\\"114.5236\\" fill=\\"#F8F8F8\\" rx=\\"50.3762\\" ry=\\"14.5236\\" style=\\"stroke: #383838; stroke-width: 1.5;\\"/><text fill=\\"#000000\\" font-family=\\"sans-serif\\" font-size=\\"14\\" lengthAdjust=\\"spacingAndGlyphs\\" textLength=\\"67\\" x=\\"22.8762\\" y=\\"119.1721\\">main.view</text><ellipse cx=\\"56.4056\\" cy=\\"417.5236\\" fill=\\"#F8F8F8\\" rx=\\"33.4056\\" ry=\\"14.5236\\" style=\\"stroke: #383838; stroke-width: 1.5;\\"/><text fill=\\"#000000\\" font-family=\\"sans-serif\\" font-size=\\"14\\" lengthAdjust=\\"spacingAndGlyphs\\" textLength=\\"43\\" x=\\"34.9056\\" y=\\"422.1721\\">model</text><ellipse cx=\\"56.2548\\" cy=\\"267.5236\\" fill=\\"#F8F8F8\\" rx=\\"48.2548\\" ry=\\"14.5236\\" style=\\"stroke: #383838; stroke-width: 1.5;\\"/><text fill=\\"#000000\\" font-family=\\"sans-serif\\" font-size=\\"14\\" lengthAdjust=\\"spacingAndGlyphs\\" textLength=\\"64\\" x=\\"24.2548\\" y=\\"272.1721\\">singleton</text><!--link component to base.component--><path d=\\"M242.266,114.5 C245.658,114.5 249.051,114.5 252.443,114.5 \\" fill=\\"none\\" id=\\"component-base.component\\" style=\\"stroke: #383838; stroke-width: 1.0;\\"/><polygon fill=\\"#383838\\" points=\\"257.775,114.5,248.775,110.5,252.775,114.5,248.775,118.5,257.775,114.5\\" style=\\"stroke: #383838; stroke-width: 1.0;\\"/><!--link main.ts to main.view--><path d=\\"M56.5,37.169 C56.5,52.588 56.5,77.75 56.5,94.939 \\" fill=\\"none\\" id=\\"main.ts-main.view\\" style=\\"stroke: #383838; stroke-width: 1.0;\\"/><polygon fill=\\"#383838\\" points=\\"56.5,99.997,60.5,90.997,56.5,94.997,52.5,90.997,56.5,99.997\\" style=\\"stroke: #383838; stroke-width: 1.0;\\"/><!--link main.view to component--><path d=\\"M107.195,114.5 C110.606,114.5 114.016,114.5 117.427,114.5 \\" fill=\\"none\\" id=\\"main.view-component\\" style=\\"stroke: #383838; stroke-width: 1.0;\\"/><polygon fill=\\"#383838\\" points=\\"122.786,114.5,113.786,110.5,117.786,114.5,113.786,118.5,122.786,114.5\\" style=\\"stroke: #383838; stroke-width: 1.0;\\"/><!--link main.view to singleton--><path d=\\"M56.5,129.167 C56.5,156.343 56.5,217.194 56.5,247.95 \\" fill=\\"none\\" id=\\"main.view-singleton\\" style=\\"stroke: #383838; stroke-width: 1.0;\\"/><polygon fill=\\"#383838\\" points=\\"56.5,252.973,60.5,243.973,56.5,247.973,52.5,243.973,56.5,252.973\\" style=\\"stroke: #383838; stroke-width: 1.0;\\"/><!--link singleton to model--><path d=\\"M56.5,282.158 C56.5,308.701 56.5,367.2909 56.5,397.5655 \\" fill=\\"none\\" id=\\"singleton-model\\" style=\\"stroke: #383838; stroke-width: 1.0;\\"/><polygon fill=\\"#383838\\" points=\\"56.5,402.8748,60.5,393.8748,56.5,397.8748,52.5,393.8748,56.5,402.8748\\" style=\\"stroke: #383838; stroke-width: 1.0;\\"/><!--
@startuml
top to bottom direction
skinparam monochrome true
skinparam shadowing false
skinparam nodesep 16

(base.component)
(component)
(main.ts)
(main.view)
(model)
(singleton)

(component) -> (base.component)
(main.ts) - -> (main.view)
(main.view) -> (component)
(main.view) - - -> (singleton)
(singleton) - - -> (model)
@enduml

PlantUML version 1.2019.01(Sat Feb 09 15:32:04 UTC 2019)
(GPL source distribution)
Java Runtime: Java(TM) SE Runtime Environment
JVM: Java HotSpot(TM) 64-Bit Server VM
Java Version: 1.7.0_25-b15
Operating System: Linux
Default Encoding: UTF-8
Language: en
Country: US
--></g></svg>"
`;
