// Jest Snapshot v1, https://goo.gl/fbAQLP

exports[`Arkit Angular2 Todo 1`] = `
Array [
  "<?xml version=\\"1.0\\" encoding=\\"UTF-8\\" standalone=\\"no\\"?><svg xmlns=\\"http://www.w3.org/2000/svg\\" xmlns:xlink=\\"http://www.w3.org/1999/xlink\\" contentScriptType=\\"application/ecmascript\\" contentStyleType=\\"text/css\\" height=\\"386px\\" preserveAspectRatio=\\"none\\" style=\\"width:967px;height:386px;\\" version=\\"1.1\\" viewBox=\\"0 0 967 386\\" width=\\"967px\\" zoomAndPan=\\"magnify\\"><defs/><g><!--entity app_component--><rect fill=\\"#F8F8F8\\" height=\\"34.4844\\" rx=\\"2\\" ry=\\"2\\" style=\\"stroke: #000000; stroke-width: 0.6;\\" width=\\"107\\" x=\\"6\\" y=\\"170\\"/><text fill=\\"#000000\\" font-family=\\"Tahoma, sans-serif\\" font-size=\\"12\\" lengthAdjust=\\"spacingAndGlyphs\\" textLength=\\"87\\" x=\\"16\\" y=\\"192.0059\\">app.component</text><!--entity components_index--><rect fill=\\"#F8F8F8\\" height=\\"34.4844\\" rx=\\"2\\" ry=\\"2\\" style=\\"stroke: #000000; stroke-width: 0.6;\\" width=\\"122\\" x=\\"380.5\\" y=\\"116\\"/><text fill=\\"#000000\\" font-family=\\"Tahoma, sans-serif\\" font-size=\\"12\\" lengthAdjust=\\"spacingAndGlyphs\\" textLength=\\"102\\" x=\\"390.5\\" y=\\"138.0059\\">components/index</text><!--entity main--><rect fill=\\"#F8F8F8\\" height=\\"34.4844\\" rx=\\"2\\" ry=\\"2\\" style=\\"stroke: #000000; stroke-width: 0.6;\\" width=\\"49\\" x=\\"547\\" y=\\"8\\"/><text fill=\\"#000000\\" font-family=\\"Tahoma, sans-serif\\" font-size=\\"12\\" font-weight=\\"bold\\" lengthAdjust=\\"spacingAndGlyphs\\" textLength=\\"29\\" x=\\"557\\" y=\\"30.0059\\">main</text><!--entity main_bundle--><rect fill=\\"#F8F8F8\\" height=\\"34.4844\\" rx=\\"2\\" ry=\\"2\\" style=\\"stroke: #000000; stroke-width: 0.6;\\" width=\\"95\\" x=\\"725\\" y=\\"8\\"/><text fill=\\"#000000\\" font-family=\\"Tahoma, sans-serif\\" font-size=\\"12\\" font-weight=\\"bold\\" lengthAdjust=\\"spacingAndGlyphs\\" textLength=\\"75\\" x=\\"735\\" y=\\"30.0059\\">main.bundle</text><!--entity main_module--><rect fill=\\"#F8F8F8\\" height=\\"34.4844\\" rx=\\"2\\" ry=\\"2\\" style=\\"stroke: #000000; stroke-width: 0.6;\\" width=\\"89\\" x=\\"616\\" y=\\"8\\"/><text fill=\\"#000000\\" font-family=\\"Tahoma, sans-serif\\" font-size=\\"12\\" lengthAdjust=\\"spacingAndGlyphs\\" textLength=\\"69\\" x=\\"626\\" y=\\"30.0059\\">main.module</text><!--entity pipes_index--><rect fill=\\"#F8F8F8\\" height=\\"34.4844\\" rx=\\"2\\" ry=\\"2\\" style=\\"stroke: #000000; stroke-width: 0.6;\\" width=\\"82\\" x=\\"575.5\\" y=\\"62\\"/><text fill=\\"#000000\\" font-family=\\"Tahoma, sans-serif\\" font-size=\\"12\\" lengthAdjust=\\"spacingAndGlyphs\\" textLength=\\"62\\" x=\\"585.5\\" y=\\"84.0059\\">pipes/index</text><!--entity routes--><rect fill=\\"#F8F8F8\\" height=\\"34.4844\\" rx=\\"2\\" ry=\\"2\\" style=\\"stroke: #000000; stroke-width: 0.6;\\" width=\\"55\\" x=\\"678\\" y=\\"62\\"/><text fill=\\"#000000\\" font-family=\\"Tahoma, sans-serif\\" font-size=\\"12\\" lengthAdjust=\\"spacingAndGlyphs\\" textLength=\\"35\\" x=\\"688\\" y=\\"84.0059\\">routes</text><!--entity todo_footer_component--><rect fill=\\"#F8F8F8\\" height=\\"34.4844\\" rx=\\"2\\" ry=\\"2\\" style=\\"stroke: #000000; stroke-width: 0.6;\\" width=\\"151\\" x=\\"133\\" y=\\"170\\"/><text fill=\\"#000000\\" font-family=\\"Tahoma, sans-serif\\" font-size=\\"12\\" lengthAdjust=\\"spacingAndGlyphs\\" textLength=\\"131\\" x=\\"143\\" y=\\"192.0059\\">todo-footer.component</text><!--entity todo_header_component--><rect fill=\\"#F8F8F8\\" height=\\"34.4844\\" rx=\\"2\\" ry=\\"2\\" style=\\"stroke: #000000; stroke-width: 0.6;\\" width=\\"155\\" x=\\"304\\" y=\\"170\\"/><text fill=\\"#000000\\" font-family=\\"Tahoma, sans-serif\\" font-size=\\"12\\" lengthAdjust=\\"spacingAndGlyphs\\" textLength=\\"135\\" x=\\"314\\" y=\\"192.0059\\">todo-header.component</text><!--entity todo_item_component--><rect fill=\\"#F8F8F8\\" height=\\"34.4844\\" rx=\\"2\\" ry=\\"2\\" style=\\"stroke: #000000; stroke-width: 0.6;\\" width=\\"141\\" x=\\"479\\" y=\\"170\\"/><text fill=\\"#000000\\" font-family=\\"Tahoma, sans-serif\\" font-size=\\"12\\" lengthAdjust=\\"spacingAndGlyphs\\" textLength=\\"121\\" x=\\"489\\" y=\\"192.0059\\">todo-item.component</text><!--entity todo_list_component--><rect fill=\\"#F8F8F8\\" height=\\"34.4844\\" rx=\\"2\\" ry=\\"2\\" style=\\"stroke: #000000; stroke-width: 0.6;\\" width=\\"131\\" x=\\"640\\" y=\\"170\\"/><text fill=\\"#000000\\" font-family=\\"Tahoma, sans-serif\\" font-size=\\"12\\" lengthAdjust=\\"spacingAndGlyphs\\" textLength=\\"111\\" x=\\"650\\" y=\\"192.0059\\">todo-list.component</text><!--entity todo_store_service--><rect fill=\\"#F8F8F8\\" height=\\"34.4844\\" rx=\\"2\\" ry=\\"2\\" style=\\"stroke: #000000; stroke-width: 0.6;\\" width=\\"119\\" x=\\"483\\" y=\\"266\\"/><text fill=\\"#000000\\" font-family=\\"Tahoma, sans-serif\\" font-size=\\"12\\" lengthAdjust=\\"spacingAndGlyphs\\" textLength=\\"99\\" x=\\"493\\" y=\\"288.0059\\">todo-store.service</text><!--entity todo_model--><rect fill=\\"#F8F8F8\\" height=\\"34.4844\\" rx=\\"2\\" ry=\\"2\\" style=\\"stroke: #000000; stroke-width: 0.6;\\" width=\\"83\\" x=\\"501\\" y=\\"341\\"/><text fill=\\"#000000\\" font-family=\\"Tahoma, sans-serif\\" font-size=\\"12\\" lengthAdjust=\\"spacingAndGlyphs\\" textLength=\\"63\\" x=\\"511\\" y=\\"363.0059\\">todo.model</text><!--entity trim_pipe--><rect fill=\\"#F8F8F8\\" height=\\"34.4844\\" rx=\\"2\\" ry=\\"2\\" style=\\"stroke: #000000; stroke-width: 0.6;\\" width=\\"68\\" x=\\"582.5\\" y=\\"116\\"/><text fill=\\"#000000\\" font-family=\\"Tahoma, sans-serif\\" font-size=\\"12\\" lengthAdjust=\\"spacingAndGlyphs\\" textLength=\\"48\\" x=\\"592.5\\" y=\\"138.0059\\">trim.pipe</text><!--entity webpack_config--><rect fill=\\"#F8F8F8\\" height=\\"34.4844\\" rx=\\"2\\" ry=\\"2\\" style=\\"stroke: #000000; stroke-width: 0.6;\\" width=\\"116\\" x=\\"840.5\\" y=\\"8\\"/><text fill=\\"#000000\\" font-family=\\"Tahoma, sans-serif\\" font-size=\\"12\\" font-weight=\\"bold\\" lengthAdjust=\\"spacingAndGlyphs\\" textLength=\\"96\\" x=\\"850.5\\" y=\\"30.0059\\">webpack.config</text><!--link components_index to app_component--><path d=\\"M380.2333,137.3957 C315.707,142.6561 211.34,152.9587 122.5,170 C121.0919,170.2701 119.669,170.5551 118.2363,170.8527 \\" fill=\\"none\\" id=\\"components_index-app_component\\" style=\\"stroke: #383838; stroke-width: 0.7;\\"/><polygon fill=\\"#383838\\" points=\\"113.3342,171.9107,122.9755,173.9219,118.2217,170.8558,121.2877,166.102,113.3342,171.9107\\" style=\\"stroke: #383838; stroke-width: 0.7;\\"/><!--link components_index to todo_footer_component--><path d=\\"M380.282,147.1879 C351.8588,153.7752 317.7204,161.6871 287.3913,168.7162 \\" fill=\\"none\\" id=\\"components_index-todo_footer_component\\" style=\\"stroke: #383838; stroke-width: 0.7;\\"/><polygon fill=\\"#383838\\" points=\\"282.1677,169.9268,291.8385,171.7914,287.0386,168.7978,290.0321,163.998,282.1677,169.9268\\" style=\\"stroke: #383838; stroke-width: 0.7;\\"/><!--link components_index to todo_header_component--><path d=\\"M422.5156,150.0859 C416.8251,155.2075 410.5204,160.8816 404.5957,166.2139 \\" fill=\\"none\\" id=\\"components_index-todo_header_component\\" style=\\"stroke: #383838; stroke-width: 0.7;\\"/><polygon fill=\\"#383838\\" points=\\"400.5668,169.8399,409.9323,166.7925,404.2833,166.4951,404.5807,160.8461,400.5668,169.8399\\" style=\\"stroke: #383838; stroke-width: 0.7;\\"/><!--link components_index to todo_item_component--><path d=\\"M475.6719,150.0859 C486.8013,155.6507 499.2357,161.8678 510.68,167.59 \\" fill=\\"none\\" id=\\"components_index-todo_item_component\\" style=\\"stroke: #383838; stroke-width: 0.7;\\"/><polygon fill=\\"#383838\\" points=\\"515.1797,169.8399,508.9188,162.2372,510.7076,167.6038,505.341,169.3926,515.1797,169.8399\\" style=\\"stroke: #383838; stroke-width: 0.7;\\"/><!--link components_index to todo_list_component--><path d=\\"M502.5415,144.6013 C539.3614,151.7017 587.1804,161.104 629.5,170 C631.1539,170.3477 632.8275,170.7019 634.5149,171.0613 \\" fill=\\"none\\" id=\\"components_index-todo_list_component\\" style=\\"stroke: #383838; stroke-width: 0.7;\\"/><polygon fill=\\"#383838\\" points=\\"639.6128,172.1532,631.6503,166.3568,634.7237,171.1059,629.9746,174.1794,639.6128,172.1532\\" style=\\"stroke: #383838; stroke-width: 0.7;\\"/><!--link main to main_module--><path d=\\"M596.1836,25 C600.9806,25 605.7777,25 610.5747,25 \\" fill=\\"none\\" id=\\"main-main_module\\" style=\\"stroke: #383838; stroke-width: 2.0;\\"/><polygon fill=\\"#383838\\" points=\\"615.78,25,606.78,21,610.78,25,606.78,29,615.78,25\\" style=\\"stroke: #383838; stroke-width: 2.0;\\"/><!--link main_module to components_index--><path d=\\"M615.9334,40.7911 C599.8201,46.9085 581.6304,54.2934 565.5,62 C533.2599,77.4034 498.0453,97.9495 473.4092,112.9753 \\" fill=\\"none\\" id=\\"main_module-components_index\\" style=\\"stroke: #383838; stroke-width: 0.7;\\"/><polygon fill=\\"#383838\\" points=\\"468.9353,115.7142,478.6996,114.4265,473.1996,113.1035,474.5226,107.6036,468.9353,115.7142\\" style=\\"stroke: #383838; stroke-width: 0.7;\\"/><!--link main_module to pipes_index--><path d=\\"M646.5781,42.0859 C642.4853,47.109 637.9593,52.6636 633.6878,57.9059 \\" fill=\\"none\\" id=\\"main_module-pipes_index\\" style=\\"stroke: #383838; stroke-width: 0.7;\\"/><polygon fill=\\"#383838\\" points=\\"630.4823,61.8399,639.2684,57.3896,633.6407,57.9638,633.0665,52.3361,630.4823,61.8399\\" style=\\"stroke: #383838; stroke-width: 0.7;\\"/><!--link main_module to routes--><path d=\\"M674.7383,42.0859 C678.9241,47.109 683.553,52.6636 687.9216,57.9059 \\" fill=\\"none\\" id=\\"main_module-routes\\" style=\\"stroke: #383838; stroke-width: 0.7;\\"/><polygon fill=\\"#383838\\" points=\\"691.1999,61.8399,688.5111,52.3652,687.9989,57.9988,682.3653,57.4867,691.1999,61.8399\\" style=\\"stroke: #383838; stroke-width: 0.7;\\"/><!--link main_module to todo_store_service--><path d=\\"M705.0401,38.1214 C746.684,53.4589 802.5,83.2885 802.5,133 C802.5,133 802.5,133 802.5,224.5 C802.5,244.4769 684.1636,264.125 607.1599,274.7957 \\" fill=\\"none\\" id=\\"main_module-todo_store_service\\" style=\\"stroke: #383838; stroke-width: 0.7;\\"/><polygon fill=\\"#383838\\" points=\\"602.1493,275.4855,611.6108,278.2205,607.1026,274.8035,610.5196,270.2953,602.1493,275.4855\\" style=\\"stroke: #383838; stroke-width: 0.7;\\"/><!--link pipes_index to trim_pipe--><path d=\\"M616.5,96.0859 C616.5,100.715 616.5,105.7956 616.5,110.6671 \\" fill=\\"none\\" id=\\"pipes_index-trim_pipe\\" style=\\"stroke: #383838; stroke-width: 0.7;\\"/><polygon fill=\\"#383838\\" points=\\"616.5,115.8399,620.5,106.8399,616.5,110.8399,612.5,106.8399,616.5,115.8399\\" style=\\"stroke: #383838; stroke-width: 0.7;\\"/><!--link routes to todo_list_component--><path d=\\"M705.5,96.3521 C705.5,114.8528 705.5,144.22 705.5,164.4893 \\" fill=\\"none\\" id=\\"routes-todo_list_component\\" style=\\"stroke: #383838; stroke-width: 0.7;\\"/><polygon fill=\\"#383838\\" points=\\"705.5,169.691,709.5,160.691,705.5,164.691,701.5,160.691,705.5,169.691\\" style=\\"stroke: #383838; stroke-width: 0.7;\\"/><!--link todo_footer_component to todo_store_service--><path d=\\"M267.8276,204.0523 C326.9031,221.032 417.3156,247.0189 478.1079,264.4921 \\" fill=\\"none\\" id=\\"todo_footer_component-todo_store_service\\" style=\\"stroke: #383838; stroke-width: 0.7;\\"/><polygon fill=\\"#383838\\" points=\\"483.1634,265.9452,475.6187,259.6146,478.358,264.5639,473.4086,267.3032,483.1634,265.9452\\" style=\\"stroke: #383838; stroke-width: 0.7;\\"/><!--link todo_header_component to todo_store_service--><path d=\\"M410.2836,204.1629 C438.1005,220.7494 480.2049,245.8551 509.3957,263.2608 \\" fill=\\"none\\" id=\\"todo_header_component-todo_store_service\\" style=\\"stroke: #383838; stroke-width: 0.7;\\"/><polygon fill=\\"#383838\\" points=\\"513.9656,265.9857,508.2843,257.9406,509.6712,263.4248,504.187,264.8117,513.9656,265.9857\\" style=\\"stroke: #383838; stroke-width: 0.7;\\"/><!--link todo_list_component to todo_store_service--><path d=\\"M676.3589,204.1629 C648.1964,220.7494 605.5689,245.8551 576.0155,263.2608 \\" fill=\\"none\\" id=\\"todo_list_component-todo_store_service\\" style=\\"stroke: #383838; stroke-width: 0.7;\\"/><polygon fill=\\"#383838\\" points=\\"571.3888,265.9857,581.1737,264.8651,575.6971,263.4483,577.1139,257.9718,571.3888,265.9857\\" style=\\"stroke: #383838; stroke-width: 0.7;\\"/><!--link todo_store_service to todo_model--><path d=\\"M542.5,300.0187 C542.5,310.5877 542.5,324.2879 542.5,335.7171 \\" fill=\\"none\\" id=\\"todo_store_service-todo_model\\" style=\\"stroke: #383838; stroke-width: 0.7;\\"/><polygon fill=\\"#383838\\" points=\\"542.5,340.7891,546.5,331.7891,542.5,335.7891,538.5,331.7891,542.5,340.7891\\" style=\\"stroke: #383838; stroke-width: 0.7;\\"/><script type=\\"text/plantuml\\"><![CDATA[
@startuml

scale max 1920 width
top to bottom direction

skinparam monochrome true
skinparam shadowing false
skinparam nodesep 20
skinparam ranksep 20
skinparam defaultFontName Tahoma
skinparam defaultFontSize 12
skinparam roundCorner 4
skinparam dpi 150
skinparam arrowThickness 0.7
skinparam packageTitleAlignment left

skinparam usecase {
  borderThickness 0.4
  fontSize 12
}

skinparam rectangle {
  borderThickness 0.6
}

skinparam component {
  borderThickness 0.6
}



rectangle \\"app.component\\" as app_component
rectangle \\"components/index\\" as components_index
rectangle \\"<b>main</b>\\" as main
rectangle \\"<b>main.bundle</b>\\" as main_bundle
rectangle \\"main.module\\" as main_module
rectangle \\"pipes/index\\" as pipes_index
rectangle \\"routes\\" as routes
rectangle \\"todo-footer.component\\" as todo_footer_component
rectangle \\"todo-header.component\\" as todo_header_component
rectangle \\"todo-item.component\\" as todo_item_component
rectangle \\"todo-list.component\\" as todo_list_component
rectangle \\"todo-store.service\\" as todo_store_service
rectangle \\"todo.model\\" as todo_model
rectangle \\"trim.pipe\\" as trim_pipe
rectangle \\"<b>webpack.config</b>\\" as webpack_config

components_index --> app_component
components_index --> todo_footer_component
components_index --> todo_header_component
components_index --> todo_item_component
components_index --> todo_list_component
main => main_module
main_module --> components_index
main_module --> pipes_index
main_module --> routes
main_module --> todo_store_service
pipes_index --> trim_pipe
routes ---> todo_list_component
todo_footer_component ----> todo_store_service
todo_header_component ----> todo_store_service
todo_list_component ----> todo_store_service
todo_store_service ---> todo_model

@enduml


' View and edit on https://arkit.herokuapp.com
]]></script></g></svg>",
]
`;

exports[`Arkit Express 1`] = `
Array [
  "<?xml version=\\"1.0\\" encoding=\\"UTF-8\\" standalone=\\"no\\"?><svg xmlns=\\"http://www.w3.org/2000/svg\\" xmlns:xlink=\\"http://www.w3.org/1999/xlink\\" contentScriptType=\\"application/ecmascript\\" contentStyleType=\\"text/css\\" height=\\"231px\\" preserveAspectRatio=\\"none\\" style=\\"width:404px;height:231px;\\" version=\\"1.1\\" viewBox=\\"0 0 404 231\\" width=\\"404px\\" zoomAndPan=\\"magnify\\"><defs/><g><!--entity application--><rect fill=\\"#F8F8F8\\" height=\\"34.4844\\" rx=\\"2\\" ry=\\"2\\" style=\\"stroke: #000000; stroke-width: 0.6;\\" width=\\"77\\" x=\\"222.5\\" y=\\"24\\"/><text fill=\\"#000000\\" font-family=\\"Tahoma, sans-serif\\" font-size=\\"12\\" lengthAdjust=\\"spacingAndGlyphs\\" textLength=\\"57\\" x=\\"232.5\\" y=\\"46.0059\\">application</text><!--entity express--><rect fill=\\"#F8F8F8\\" height=\\"34.4844\\" rx=\\"2\\" ry=\\"2\\" style=\\"stroke: #000000; stroke-width: 0.6;\\" width=\\"66\\" x=\\"54\\" y=\\"24\\"/><text fill=\\"#000000\\" font-family=\\"Tahoma, sans-serif\\" font-size=\\"12\\" font-weight=\\"bold\\" lengthAdjust=\\"spacingAndGlyphs\\" textLength=\\"46\\" x=\\"64\\" y=\\"46.0059\\">express</text><!--entity init--><rect fill=\\"#F8F8F8\\" height=\\"34.4844\\" rx=\\"2\\" ry=\\"2\\" style=\\"stroke: #000000; stroke-width: 0.6;\\" width=\\"36\\" x=\\"222\\" y=\\"78\\"/><text fill=\\"#000000\\" font-family=\\"Tahoma, sans-serif\\" font-size=\\"12\\" lengthAdjust=\\"spacingAndGlyphs\\" textLength=\\"16\\" x=\\"232\\" y=\\"100.0059\\">init</text><!--entity layer--><rect fill=\\"#F8F8F8\\" height=\\"34.4844\\" rx=\\"2\\" ry=\\"2\\" style=\\"stroke: #000000; stroke-width: 0.6;\\" width=\\"45\\" x=\\"36.5\\" y=\\"186\\"/><text fill=\\"#000000\\" font-family=\\"Tahoma, sans-serif\\" font-size=\\"12\\" lengthAdjust=\\"spacingAndGlyphs\\" textLength=\\"25\\" x=\\"46.5\\" y=\\"208.0059\\">layer</text><!--entity query--><rect fill=\\"#F8F8F8\\" height=\\"34.4844\\" rx=\\"2\\" ry=\\"2\\" style=\\"stroke: #000000; stroke-width: 0.6;\\" width=\\"51\\" x=\\"150.5\\" y=\\"78\\"/><text fill=\\"#000000\\" font-family=\\"Tahoma, sans-serif\\" font-size=\\"12\\" lengthAdjust=\\"spacingAndGlyphs\\" textLength=\\"31\\" x=\\"160.5\\" y=\\"100.0059\\">query</text><!--entity request--><rect fill=\\"#F8F8F8\\" height=\\"34.4844\\" rx=\\"2\\" ry=\\"2\\" style=\\"stroke: #000000; stroke-width: 0.6;\\" width=\\"62\\" x=\\"140\\" y=\\"24\\"/><text fill=\\"#000000\\" font-family=\\"Tahoma, sans-serif\\" font-size=\\"12\\" lengthAdjust=\\"spacingAndGlyphs\\" textLength=\\"42\\" x=\\"150\\" y=\\"46.0059\\">request</text><!--entity response--><rect fill=\\"#F8F8F8\\" height=\\"34.4844\\" rx=\\"2\\" ry=\\"2\\" style=\\"stroke: #000000; stroke-width: 0.6;\\" width=\\"69\\" x=\\"324.5\\" y=\\"24\\"/><text fill=\\"#000000\\" font-family=\\"Tahoma, sans-serif\\" font-size=\\"12\\" lengthAdjust=\\"spacingAndGlyphs\\" textLength=\\"49\\" x=\\"334.5\\" y=\\"46.0059\\">response</text><!--entity route--><rect fill=\\"#F8F8F8\\" height=\\"34.4844\\" rx=\\"2\\" ry=\\"2\\" style=\\"stroke: #000000; stroke-width: 0.6;\\" width=\\"50\\" x=\\"6\\" y=\\"132\\"/><text fill=\\"#000000\\" font-family=\\"Tahoma, sans-serif\\" font-size=\\"12\\" lengthAdjust=\\"spacingAndGlyphs\\" textLength=\\"30\\" x=\\"16\\" y=\\"154.0059\\">route</text><!--entity router_index--><rect fill=\\"#F8F8F8\\" height=\\"34.4844\\" rx=\\"2\\" ry=\\"2\\" style=\\"stroke: #000000; stroke-width: 0.6;\\" width=\\"88\\" x=\\"43\\" y=\\"78\\"/><text fill=\\"#000000\\" font-family=\\"Tahoma, sans-serif\\" font-size=\\"12\\" lengthAdjust=\\"spacingAndGlyphs\\" textLength=\\"68\\" x=\\"53\\" y=\\"100.0059\\">router/index</text><!--entity utils--><rect fill=\\"#F8F8F8\\" height=\\"34.4844\\" rx=\\"2\\" ry=\\"2\\" style=\\"stroke: #000000; stroke-width: 0.6;\\" width=\\"41\\" x=\\"343.5\\" y=\\"78\\"/><text fill=\\"#000000\\" font-family=\\"Tahoma, sans-serif\\" font-size=\\"12\\" lengthAdjust=\\"spacingAndGlyphs\\" textLength=\\"21\\" x=\\"353.5\\" y=\\"100.0059\\">utils</text><!--entity view--><rect fill=\\"#F8F8F8\\" height=\\"34.4844\\" rx=\\"2\\" ry=\\"2\\" style=\\"stroke: #000000; stroke-width: 0.6;\\" width=\\"45\\" x=\\"278.5\\" y=\\"78\\"/><text fill=\\"#000000\\" font-family=\\"Tahoma, sans-serif\\" font-size=\\"12\\" lengthAdjust=\\"spacingAndGlyphs\\" textLength=\\"25\\" x=\\"288.5\\" y=\\"100.0059\\">view</text><!--link application to init--><path d=\\"M254.3555,58.0859 C252.517,62.8135 250.4954,68.012 248.5642,72.9777 \\" fill=\\"none\\" id=\\"application-init\\" style=\\"stroke: #383838; stroke-width: 0.7;\\"/><polygon fill=\\"#383838\\" points=\\"246.6734,77.8399,253.6635,70.9017,248.4857,73.1799,246.2075,68.0021,246.6734,77.8399\\" style=\\"stroke: #383838; stroke-width: 0.7;\\"/><!--link application to query--><path d=\\"M234.1055,58.0859 C225.1607,63.7685 215.1451,70.1314 205.9818,75.9527 \\" fill=\\"none\\" id=\\"application-query\\" style=\\"stroke: #383838; stroke-width: 0.7;\\"/><polygon fill=\\"#383838\\" points=\\"201.5604,78.7616,211.302,77.3118,205.7807,76.0804,207.0121,70.5592,201.5604,78.7616\\" style=\\"stroke: #383838; stroke-width: 0.7;\\"/><!--link application to router_index--><path d=\\"M222.2872,54.6688 C218.8172,55.8219 215.3504,56.9479 212,58 C180.7222,67.8216 172.4167,68.6322 141,78 C139.3988,78.4774 137.7721,78.9664 136.1304,79.4634 \\" fill=\\"none\\" id=\\"application-router_index\\" style=\\"stroke: #383838; stroke-width: 0.7;\\"/><polygon fill=\\"#383838\\" points=\\"131.1707,80.9742,140.9457,82.178,135.9537,79.5172,138.6145,74.5252,131.1707,80.9742\\" style=\\"stroke: #383838; stroke-width: 0.7;\\"/><!--link application to utils--><path d=\\"M295.7053,58.1772 C307.8785,64.3112 321.6041,71.351 334,78 C335.6255,78.8719 337.2943,79.7802 338.9725,80.7035 \\" fill=\\"none\\" id=\\"application-utils\\" style=\\"stroke: #383838; stroke-width: 0.7;\\"/><polygon fill=\\"#383838\\" points=\\"343.4131,83.1678,337.4846,75.3031,339.0412,80.7416,333.6027,82.2982,343.4131,83.1678\\" style=\\"stroke: #383838; stroke-width: 0.7;\\"/><!--link application to view--><path d=\\"M273.6563,58.0859 C277.3041,63.0105 281.3304,68.446 285.1461,73.5972 \\" fill=\\"none\\" id=\\"application-view\\" style=\\"stroke: #383838; stroke-width: 0.7;\\"/><polygon fill=\\"#383838\\" points=\\"288.2888,77.8399,286.1459,68.227,285.3126,73.8221,279.7175,72.9889,288.2888,77.8399\\" style=\\"stroke: #383838; stroke-width: 0.7;\\"/><!--link express to application--><path d=\\"M114.3754,23.9771 C122.3446,19.887 131.264,16.097 140,14 C166.7944,7.5683 175.0765,8.1322 202,14 C209.9297,15.7282 218.0691,18.6222 225.6721,21.8889 \\" fill=\\"none\\" id=\\"express-application\\" style=\\"stroke: #383838; stroke-width: 2.0;\\"/><polygon fill=\\"#383838\\" points=\\"230.3301,23.964,223.7368,16.6477,225.7628,21.9293,220.4812,23.9553,230.3301,23.964\\" style=\\"stroke: #383838; stroke-width: 2.0;\\"/><!--link express to query--><path d=\\"M115.1602,58.0859 C124.9642,64.0345 135.9971,70.7286 145.9486,76.7666 \\" fill=\\"none\\" id=\\"express-query\\" style=\\"stroke: #383838; stroke-width: 2.0;\\"/><polygon fill=\\"#383838\\" points=\\"150.4366,79.4896,144.8169,71.4014,146.1619,76.896,140.6672,78.2409,150.4366,79.4896\\" style=\\"stroke: #383838; stroke-width: 2.0;\\"/><!--link express to request--><path d=\\"M120.1406,41 C124.9066,41 129.6726,41 134.4386,41 \\" fill=\\"none\\" id=\\"express-request\\" style=\\"stroke: #383838; stroke-width: 2.0;\\"/><polygon fill=\\"#383838\\" points=\\"139.6102,41,130.6102,37,134.6102,41,130.6102,45,139.6102,41\\" style=\\"stroke: #383838; stroke-width: 2.0;\\"/><!--link express to response--><path d=\\"M114.3754,23.9771 C122.3446,19.887 131.264,16.097 140,14 C174.5735,5.701 265.2599,6.4286 300,14 C307.9297,15.7282 316.0691,18.6222 323.6721,21.8889 \\" fill=\\"none\\" id=\\"express-response\\" style=\\"stroke: #383838; stroke-width: 2.0;\\"/><polygon fill=\\"#383838\\" points=\\"328.3301,23.964,321.7368,16.6477,323.7628,21.9293,318.4812,23.9553,328.3301,23.964\\" style=\\"stroke: #383838; stroke-width: 2.0;\\"/><!--link express to route--><path d=\\"M53.9404,56.5449 C45.6637,62.1032 37.7869,69.2192 33,78 C24.957,92.7533 24.9097,111.9171 26.6249,126.6159 \\" fill=\\"none\\" id=\\"express-route\\" style=\\"stroke: #383838; stroke-width: 2.0;\\"/><polygon fill=\\"#383838\\" points=\\"27.3251,131.8129,30.0877,122.3594,26.6575,126.8577,22.1593,123.4275,27.3251,131.8129\\" style=\\"stroke: #383838; stroke-width: 2.0;\\"/><!--link express to router_index--><path d=\\"M87,58.0859 C87,62.715 87,67.7956 87,72.6671 \\" fill=\\"none\\" id=\\"express-router_index\\" style=\\"stroke: #383838; stroke-width: 2.0;\\"/><polygon fill=\\"#383838\\" points=\\"87,77.8399,91,68.8399,87,72.8399,83,68.8399,87,77.8399\\" style=\\"stroke: #383838; stroke-width: 2.0;\\"/><!--link response to utils--><path d=\\"M360.582,58.0859 C361.0106,62.715 361.4811,67.7956 361.9321,72.6671 \\" fill=\\"none\\" id=\\"response-utils\\" style=\\"stroke: #383838; stroke-width: 0.7;\\"/><polygon fill=\\"#383838\\" points=\\"362.4111,77.8399,365.5643,68.5094,361.9501,72.8612,357.5983,69.247,362.4111,77.8399\\" style=\\"stroke: #383838; stroke-width: 0.7;\\"/><!--link route to layer--><path d=\\"M39.8594,166.0859 C42.3618,170.912 45.1186,176.2288 47.7418,181.2878 \\" fill=\\"none\\" id=\\"route-layer\\" style=\\"stroke: #383838; stroke-width: 0.7;\\"/><polygon fill=\\"#383838\\" points=\\"50.1022,185.8399,49.5102,176.0088,47.8005,181.4012,42.4082,179.6915,50.1022,185.8399\\" style=\\"stroke: #383838; stroke-width: 0.7;\\"/><!--link router_index to layer--><path d=\\"M82.5013,112.3521 C77.6844,130.9315 70.0263,160.4702 64.7692,180.7476 \\" fill=\\"none\\" id=\\"router_index-layer\\" style=\\"stroke: #383838; stroke-width: 0.7;\\"/><polygon fill=\\"#383838\\" points=\\"63.4875,185.691,69.6182,177.9829,64.7424,180.851,61.8743,175.9752,63.4875,185.691\\" style=\\"stroke: #383838; stroke-width: 0.7;\\"/><!--link router_index to route--><path d=\\"M69.2813,112.0859 C63.97,117.2075 58.0857,122.8816 52.5559,128.2139 \\" fill=\\"none\\" id=\\"router_index-route\\" style=\\"stroke: #383838; stroke-width: 0.7;\\"/><polygon fill=\\"#383838\\" points=\\"48.7957,131.8399,58.0509,128.4721,52.3949,128.3692,52.4978,122.7133,48.7957,131.8399\\" style=\\"stroke: #383838; stroke-width: 0.7;\\"/><script type=\\"text/plantuml\\"><![CDATA[
@startuml

scale max 1920 width
top to bottom direction

skinparam monochrome true
skinparam shadowing false
skinparam nodesep 20
skinparam ranksep 20
skinparam defaultFontName Tahoma
skinparam defaultFontSize 12
skinparam roundCorner 4
skinparam dpi 150
skinparam arrowThickness 0.7
skinparam packageTitleAlignment left

skinparam usecase {
  borderThickness 0.4
  fontSize 12
}

skinparam rectangle {
  borderThickness 0.6
}

skinparam component {
  borderThickness 0.6
}


rectangle \\"application\\" as application
rectangle \\"<b>express</b>\\" as express
rectangle \\"init\\" as init
rectangle \\"layer\\" as layer
rectangle \\"query\\" as query
rectangle \\"request\\" as request
rectangle \\"response\\" as response
rectangle \\"route\\" as route
rectangle \\"router/index\\" as router_index
rectangle \\"utils\\" as utils
rectangle \\"view\\" as view

application --> init
application --> query
application --> router_index
application --> utils
application --> view
express => application
express ==> query
express => request
express => response
express ==> route
express ==> router_index
response --> utils
route --> layer
router_index --> layer
router_index --> route

@enduml


' View and edit on https://arkit.herokuapp.com
]]></script></g></svg>",
]
`;

exports[`Arkit Sample 1`] = `
Array [
  "@startuml

scale max 1920 width
top to bottom direction

skinparam monochrome true
skinparam shadowing false
skinparam nodesep 20
skinparam ranksep 20
skinparam defaultFontName Tahoma
skinparam defaultFontSize 12
skinparam roundCorner 4
skinparam dpi 150
skinparam arrowThickness 0.7
skinparam packageTitleAlignment left

' oval
skinparam usecase {
  borderThickness 0.4
  fontSize 12
}

' rectangle
skinparam rectangle {
  borderThickness 0.6
}

' component
skinparam component {
  borderThickness 0.6
}


package \\"Main\\" {
  (main.view)
  (singleton)
}

package \\"Base\\" {
  (base.component)
  (component)
  (model)
}

rectangle \\"<b>main.ts</b>\\" as main_ts

(component) ..> (base.component)
main_ts ==> (main.view)
(main.view) --> (component)
(main.view) ...> (singleton)
(singleton) ---> (model)

@enduml

' View and edit on https://arkit.herokuapp.com",
  "<?xml version=\\"1.0\\" encoding=\\"UTF-8\\" standalone=\\"no\\"?><svg xmlns=\\"http://www.w3.org/2000/svg\\" xmlns:xlink=\\"http://www.w3.org/1999/xlink\\" contentScriptType=\\"application/ecmascript\\" contentStyleType=\\"text/css\\" height=\\"290px\\" preserveAspectRatio=\\"none\\" style=\\"width:218px;height:290px;\\" version=\\"1.1\\" viewBox=\\"0 0 218 290\\" width=\\"218px\\" zoomAndPan=\\"magnify\\"><defs/><g><!--entity base_component--><rect fill=\\"#F8F8F8\\" height=\\"34.4844\\" rx=\\"2\\" ry=\\"2\\" style=\\"stroke: #000000; stroke-width: 0.6;\\" width=\\"112\\" x=\\"6\\" y=\\"170\\"/><text fill=\\"#000000\\" font-family=\\"Tahoma, sans-serif\\" font-size=\\"12\\" lengthAdjust=\\"spacingAndGlyphs\\" textLength=\\"92\\" x=\\"16\\" y=\\"192.0059\\">base.component</text><!--entity component--><rect fill=\\"#F8F8F8\\" height=\\"34.4844\\" rx=\\"2\\" ry=\\"2\\" style=\\"stroke: #000000; stroke-width: 0.6;\\" width=\\"83\\" x=\\"39.5\\" y=\\"116\\"/><text fill=\\"#000000\\" font-family=\\"Tahoma, sans-serif\\" font-size=\\"12\\" lengthAdjust=\\"spacingAndGlyphs\\" textLength=\\"63\\" x=\\"49.5\\" y=\\"138.0059\\">component</text><!--entity main_ts--><rect fill=\\"#F8F8F8\\" height=\\"34.4844\\" rx=\\"2\\" ry=\\"2\\" style=\\"stroke: #000000; stroke-width: 0.6;\\" width=\\"65\\" x=\\"84.5\\" y=\\"8\\"/><text fill=\\"#000000\\" font-family=\\"Tahoma, sans-serif\\" font-size=\\"12\\" font-weight=\\"bold\\" lengthAdjust=\\"spacingAndGlyphs\\" textLength=\\"45\\" x=\\"94.5\\" y=\\"30.0059\\">main.ts</text><!--entity main_view--><rect fill=\\"#F8F8F8\\" height=\\"34.4844\\" rx=\\"2\\" ry=\\"2\\" style=\\"stroke: #000000; stroke-width: 0.6;\\" width=\\"74\\" x=\\"80\\" y=\\"62\\"/><text fill=\\"#000000\\" font-family=\\"Tahoma, sans-serif\\" font-size=\\"12\\" lengthAdjust=\\"spacingAndGlyphs\\" textLength=\\"54\\" x=\\"90\\" y=\\"84.0059\\">main.view</text><!--entity model--><rect fill=\\"#F8F8F8\\" height=\\"34.4844\\" rx=\\"2\\" ry=\\"2\\" style=\\"stroke: #000000; stroke-width: 0.6;\\" width=\\"53\\" x=\\"146.5\\" y=\\"245\\"/><text fill=\\"#000000\\" font-family=\\"Tahoma, sans-serif\\" font-size=\\"12\\" lengthAdjust=\\"spacingAndGlyphs\\" textLength=\\"33\\" x=\\"156.5\\" y=\\"267.0059\\">model</text><!--entity singleton--><rect fill=\\"#F8F8F8\\" height=\\"34.4844\\" rx=\\"2\\" ry=\\"2\\" style=\\"stroke: #000000; stroke-width: 0.6;\\" width=\\"69\\" x=\\"138.5\\" y=\\"170\\"/><text fill=\\"#000000\\" font-family=\\"Tahoma, sans-serif\\" font-size=\\"12\\" lengthAdjust=\\"spacingAndGlyphs\\" textLength=\\"49\\" x=\\"148.5\\" y=\\"192.0059\\">singleton</text><!--link component to base_component--><path d=\\"M74.9883,150.0859 C73.3249,154.8135 71.4958,160.012 69.7486,164.9777 \\" fill=\\"none\\" id=\\"component-base_component\\" style=\\"stroke: #383838; stroke-width: 0.7;\\"/><polygon fill=\\"#383838\\" points=\\"68.0378,169.8399,74.7984,162.6779,69.6975,165.1234,67.252,160.0224,68.0378,169.8399\\" style=\\"stroke: #383838; stroke-width: 0.7;\\"/><!--link main_ts to main_view--><path d=\\"M117,42.0859 C117,46.715 117,51.7956 117,56.6671 \\" fill=\\"none\\" id=\\"main_ts-main_view\\" style=\\"stroke: #383838; stroke-width: 2.0;\\"/><polygon fill=\\"#383838\\" points=\\"117,61.8399,121,52.8399,117,56.8399,113,52.8399,117,61.8399\\" style=\\"stroke: #383838; stroke-width: 2.0;\\"/><!--link main_view to component--><path d=\\"M105.6094,96.0859 C102.3264,101.0105 98.7027,106.446 95.2685,111.5972 \\" fill=\\"none\\" id=\\"main_view-component\\" style=\\"stroke: #383838; stroke-width: 0.7;\\"/><polygon fill=\\"#383838\\" points=\\"92.4401,115.8399,100.7605,110.5701,95.2135,111.6796,94.104,106.1326,92.4401,115.8399\\" style=\\"stroke: #383838; stroke-width: 0.7;\\"/><!--link main_view to singleton--><path d=\\"M125.9974,96.3521 C135.672,115.0102 151.0774,144.7207 161.5951,165.0048 \\" fill=\\"none\\" id=\\"main_view-singleton\\" style=\\"stroke: #383838; stroke-width: 0.7;\\"/><polygon fill=\\"#383838\\" points=\\"164.025,169.691,163.433,159.8599,161.7233,165.2523,156.331,163.5426,164.025,169.691\\" style=\\"stroke: #383838; stroke-width: 0.7;\\"/><!--link singleton to model--><path d=\\"M173,204.0187 C173,214.5877 173,228.2879 173,239.7171 \\" fill=\\"none\\" id=\\"singleton-model\\" style=\\"stroke: #383838; stroke-width: 0.7;\\"/><polygon fill=\\"#383838\\" points=\\"173,244.7891,177,235.7891,173,239.7891,169,235.7891,173,244.7891\\" style=\\"stroke: #383838; stroke-width: 0.7;\\"/><script type=\\"text/plantuml\\"><![CDATA[
@startuml

scale max 1920 width
top to bottom direction

skinparam monochrome true
skinparam shadowing false
skinparam nodesep 20
skinparam ranksep 20
skinparam defaultFontName Tahoma
skinparam defaultFontSize 12
skinparam roundCorner 4
skinparam dpi 150
skinparam arrowThickness 0.7
skinparam packageTitleAlignment left

skinparam usecase {
  borderThickness 0.4
  fontSize 12
}

skinparam rectangle {
  borderThickness 0.6
}

skinparam component {
  borderThickness 0.6
}


rectangle \\"base.component\\" as base_component
rectangle \\"component\\" as component
rectangle \\"<b>main.ts</b>\\" as main_ts
rectangle \\"main.view\\" as main_view
rectangle \\"model\\" as model
rectangle \\"singleton\\" as singleton

component --> base_component
main_ts ==> main_view
main_view --> component
main_view ---> singleton
singleton ---> model

@enduml


' View and edit on https://arkit.herokuapp.com
]]></script></g></svg>",
]
`;
